Microchip MPLAB XC8 Compiler V2.05 ()

Linker command line:

-W-3 --edf=/Applications/microchip/xc8/v2.05/pic/dat/en_msgs.txt -cs \
  -h+dist/default/debug/Lab11Restart.X.debug.sym \
  --cmf=dist/default/debug/Lab11Restart.X.debug.cmf -z -Q16F18446 \
  -o/tmp/xc1isxrRk --defsym=__MPLAB_BUILD=1 \
  -Mdist/default/debug/Lab11Restart.X.debug.map -E1 -ver=XC8 --acfsm=1493 \
  -ASTACK=020DEh-023EDh -pstack=STACK -ACODE=00h-07FFhx8 \
  -ASTRCODE=00h-03FFFh -ASTRING=00h-0FFhx64 -ACONST=00h-0FFhx64 \
  -AENTRY=00h-0FFhx64 -ACOMMON=070h-07Fh -ABANK0=020h-06Fh \
  -ABANK1=0A0h-0EFh -ABANK2=0120h-016Fh -ABANK3=01A0h-01EFh \
  -ABANK4=0220h-026Fh -ABANK5=02A0h-02EFh -ABANK6=0320h-036Fh \
  -ABANK7=03A0h-03EFh -ABANK8=0420h-046Fh -ABANK9=04A0h-04EFh \
  -ABANK10=0520h-056Fh -ABANK11=05A0h-05EFh -ABANK12=0620h-066Fh \
  -ABANK13=06A0h-06EFh -ABANK14=0720h-076Fh -ABANK15=07A0h-07EFh \
  -ABANK16=0820h-086Fh -ABANK17=08A0h-08EFh -ABANK18=0920h-096Fh \
  -ABANK19=09A0h-09EFh -ABANK20=0A20h-0A6Fh -ABANK21=0AA0h-0AEFh \
  -ABANK22=0B20h-0B6Fh -ABANK23=0BA0h-0BEFh -ABANK24=0C20h-0C6Fh \
  -ABANK25=0CA0h-0CBFh -ABIGRAM=02000h-027EFh \
  -ARAM=020h-06Fh,0A0h-0EFh,0120h-016Fh,01A0h-01EFh,0220h-026Fh,02A0h-02EFh,0320h-036Fh,03A0h-03EFh,0420h-046Fh,04A0h-04EFh,0520h-056Fh,05A0h-05EFh,0620h-066Fh,06A0h-06EFh,0720h-076Fh,07A0h-07EFh,0820h-086Fh,08A0h-08EFh,0920h-096Fh,09A0h-09EFh,0A20h-0A6Fh,0AA0h-0AEFh,0B20h-0B6Fh,0BA0h-0BEFh,0C20h-0C6Fh,0CA0h-0CBFh \
  -AABS1=020h-07Fh,0A0h-0EFh,0120h-016Fh,01A0h-01EFh,0220h-026Fh,02A0h-02EFh,0320h-036Fh,03A0h-03EFh,0420h-046Fh,04A0h-04EFh,0520h-056Fh,05A0h-05EFh,0620h-066Fh,06A0h-06EFh,0720h-076Fh,07A0h-07EFh,0820h-086Fh,08A0h-08EFh,0920h-096Fh,09A0h-09EFh,0A20h-0A6Fh,0AA0h-0AEFh,0B20h-0B6Fh,0BA0h-0BEFh,0C20h-0C6Fh,0CA0h-0CBFh \
  -ASFR0=00h-01Fh -ASFR1=080h-09Fh -ASFR2=0100h-011Fh -ASFR3=0180h-019Fh \
  -ASFR4=0200h-021Fh -ASFR5=0280h-029Fh -ASFR6=0300h-031Fh \
  -ASFR7=0380h-039Fh -ASFR8=0400h-041Fh -ASFR9=0480h-049Fh \
  -ASFR10=0500h-051Fh -ASFR11=0580h-059Fh -ASFR12=0600h-061Fh \
  -ASFR13=0680h-069Fh -ASFR14=0700h-071Fh -ASFR15=0780h-079Fh \
  -ASFR16=0800h-081Fh -ASFR17=0880h-089Fh -ASFR18=0900h-091Fh \
  -ASFR19=0980h-099Fh -ASFR20=0A00h-0A1Fh -ASFR21=0A80h-0A9Fh \
  -ASFR22=0B00h-0B1Fh -ASFR23=0B80h-0B9Fh -ASFR24=0C00h-0C1Fh \
  -ASFR25=0C80h-0C9Fh -ASFR26=0D00h-0D6Fh -ASFR27=0D80h-0DEFh \
  -ASFR28=0E00h-0E6Fh -ASFR29=0E80h-0EEFh -ASFR30=0F00h-0F6Fh \
  -ASFR31=0F80h-0FEFh -ASFR32=01000h-0106Fh -ASFR33=01080h-010EFh \
  -ASFR34=01100h-0116Fh -ASFR35=01180h-011EFh -ASFR36=01200h-0126Fh \
  -ASFR37=01280h-012EFh -ASFR38=01300h-0136Fh -ASFR39=01380h-013EFh \
  -ASFR40=01400h-0146Fh -ASFR41=01480h-014EFh -ASFR42=01500h-0156Fh \
  -ASFR43=01580h-015EFh -ASFR44=01600h-0166Fh -ASFR45=01680h-016EFh \
  -ASFR46=01700h-0176Fh -ASFR47=01780h-017EFh -ASFR48=01800h-0186Fh \
  -ASFR49=01880h-018EFh -ASFR50=01900h-0196Fh -ASFR51=01980h-019EFh \
  -ASFR52=01A00h-01A6Fh -ASFR53=01A80h-01AEFh -ASFR54=01B00h-01B6Fh \
  -ASFR55=01B80h-01BEFh -ASFR56=01C00h-01C6Fh -ASFR57=01C80h-01CEFh \
  -ASFR58=01D00h-01D6Fh -ASFR59=01D80h-01DEFh -ASFR60=01E00h-01E6Fh \
  -ASFR61=01E80h-01EEFh -ASFR62=01F00h-01F6Fh -ASFR63=01F80h-01FEFh \
  -preset_vec=00h,intentry=04h,init,end_init -ppowerup=CODE -pcinit=CODE \
  -pfunctab=ENTRY -ACONFIG=08007h-0800Bh -pconfig=CONFIG -DCONFIG=2 \
  -AIDLOC=08000h-08003h -pidloc=IDLOC -DIDLOC=2 -AEEDATA=00h-0FFh/0F000h \
  -peeprom_data=EEDATA -DEEDATA=2 -DCODE=2 -DSTRCODE=2 -DSTRING=2 -DCONST=2 \
  -DENTRY=2 -k /tmp/xcW4YTPAd.o dist/default/debug/Lab11Restart.X.debug.o 

Object code version is 3.11

Machine type is 16F18446



                Name                               Link     Load   Length Selector   Space Scale
/tmp/xcW4YTPAd.o
                end_init                             39       39        2        8       0
                reset_vec                             0        0        2        0       0
                config                             8007     8007        3    1000E       0
dist/default/debug/Lab11Restart.X.debug.o
                cinit                                3B       3B       3B        8       0
                intentry                              4        4       35        8       0
                text68                             16F0     16F0        4     2DE0       0
                text67                                2        2        1        0       0
                text66                             179E     179E        D     2F3C       0
                text65                              835      835       18     106A       0
                text64                             16E7     16E7        3     2DCE       0
                text63                                3        3        1        6       0
                text62                             16F4     16F4        4     2DE8       0
                text61                              A4D      A4D       30     149A       0
                text60                              8E4      8E4       1E     11C8       0
                text59                             16EA     16EA        3     2DD4       0
                text58                             17C7     17C7       11     2F8E       0
                text57                              84D      84D       18     109A       0
                text56                              EAC      EAC      154     1D58       0
                text55                              7FF      7FF        1        8       0
                text54                             16FD     16FD        6     2DFA       0
                text53                             17AB     17AB        D     2F56       0
                text51                             1711     1711        9     2E22       0
                text50                             171A     171A        9     2E34       0
                text49                             1723     1723        9     2E46       0
                text48                             172C     172C        9     2E58       0
                text47                              81E      81E       17     103C       0
                text46                             1735     1735        9     2E6A       0
                text45                             16ED     16ED        3     2DDA       0
                text44                              A7D      A7D       35     14FA       0
                text43                              CDF      CDF       D1     19BE       0
                text42                              920      920       20     1240       0
                text41                              AF7      AF7       4B     15EE       0
                text40                              DB0      DB0       FC     1B60       0
                text39                             173E     173E        9     2E7C       0
                text38                             1709     1709        8     2E12       0
                text37                             16F8     16F8        5     2DF0       0
                text36                              B42      B42       52     1684       0
                text35                              940      940       20     1280       0
                text34                              9C7      9C7       2A     138E       0
                text33                              980      980       21     1300       0
                text32                              902      902       1E     1204       0
                text31                              9F1      9F1       2D     13E2       0
                text30                              2A2      2A2      1B3        8       0
                text29                             1787     1787        B     2F0E       0
                text28                             17D8     17D8       14     2FB0       0
                text27                             17B8     17B8        F     2F70       0
                text26                              865      865       18     10CA       0
                text25                              87D      87D       18     10FA       0
                text24                              895      895       19     112A       0
                text23                              B94      B94       65     1728       0
                text22                              7D7      7D7       28        8       0
                text21                              455      455      17A        8       0
                text20                              960      960       20     12C0       0
                text19                               76       76      22C        8       0
                text18                              BF9      BF9       66     17F2       0
                text17                              741      741       96        8       0
                text16                              5CF      5CF      172        8       0
                text15                              9A1      9A1       26     1342       0
                text14                             1747     1747        9     2E8E       0
                text13                             1750     1750        9     2EA0       0
                text12                             1759     1759        9     2EB2       0
                text11                             1762     1762        9     2EC4       0
                text10                             176B     176B        9     2ED6       0
                text9                               AB2      AB2       45     1564       0
                text8                               8C8      8C8       1C     1190       0
                text7                              1774     1774        9     2EE8       0
                text6                               A1E      A1E       2F     143C       0
                text5                              177D     177D        A     2EFA       0
                text4                              17EC     17EC       14     2FD8       0
                text3                               809      809       15     1012       0
                text2                               800      800        9     1000       0
                text1                               8AE      8AE       1A     115C       0
                maintext                            C5F      C5F       80     18BE       0
                cstackBANK0                          20       20       4F       20       1
                cstackCOMMON                         76       76        6       70       1
                cstackBANK1                          DB       DB        A       A0       1
                clrtext                            1792     1792        C     2F24       0
                bssBANK2                            120      120       34      120       1
                dataBANK1                            E5       E5        6       A0       1
                bssBANK1                             A0       A0       3B       A0       1
                bssCOMMON                            70       70        6       70       1
                nvBANK2                             154      154        A      120       1
                nvBANK1                              EB       EB        5       A0       1
                stringtext1                        1000     1000       60     2000       0
                idataBANK1                         1703     1703        6     2E06       0

TOTAL           Name                               Link     Load   Length     Space
        CLASS   STACK          

        CLASS   CODE           
                end_init                             39       39        2         0
                cinit                                3B       3B       3B         0
                intentry                              4        4       35         0
                reset_vec                             0        0        2         0
                text68                             16F0     16F0        4         0
                text67                                2        2        1         0
                text66                             179E     179E        D         0
                text65                              835      835       18         0
                text64                             16E7     16E7        3         0
                text63                                3        3        1         0
                text62                             16F4     16F4        4         0
                text61                              A4D      A4D       30         0
                text60                              8E4      8E4       1E         0
                text59                             16EA     16EA        3         0
                text58                             17C7     17C7       11         0
                text57                              84D      84D       18         0
                text56                              EAC      EAC      154         0
                text55                              7FF      7FF        1         0
                text54                             16FD     16FD        6         0
                text53                             17AB     17AB        D         0
                text51                             1711     1711        9         0
                text50                             171A     171A        9         0
                text49                             1723     1723        9         0
                text48                             172C     172C        9         0
                text47                              81E      81E       17         0
                text46                             1735     1735        9         0
                text45                             16ED     16ED        3         0
                text44                              A7D      A7D       35         0
                text43                              CDF      CDF       D1         0
                text42                              920      920       20         0
                text41                              AF7      AF7       4B         0
                text40                              DB0      DB0       FC         0
                text39                             173E     173E        9         0
                text38                             1709     1709        8         0
                text37                             16F8     16F8        5         0
                text36                              B42      B42       52         0
                text35                              940      940       20         0
                text34                              9C7      9C7       2A         0
                text33                              980      980       21         0
                text32                              902      902       1E         0
                text31                              9F1      9F1       2D         0
                text30                              2A2      2A2      1B3         0
                text29                             1787     1787        B         0
                text28                             17D8     17D8       14         0
                text27                             17B8     17B8        F         0
                text26                              865      865       18         0
                text25                              87D      87D       18         0
                text24                              895      895       19         0
                text23                              B94      B94       65         0
                text22                              7D7      7D7       28         0
                text21                              455      455      17A         0
                text20                              960      960       20         0
                text19                               76       76      22C         0
                text18                              BF9      BF9       66         0
                text17                              741      741       96         0
                text16                              5CF      5CF      172         0
                text15                              9A1      9A1       26         0
                text14                             1747     1747        9         0
                text13                             1750     1750        9         0
                text12                             1759     1759        9         0
                text11                             1762     1762        9         0
                text10                             176B     176B        9         0
                text9                               AB2      AB2       45         0
                text8                               8C8      8C8       1C         0
                text7                              1774     1774        9         0
                text6                               A1E      A1E       2F         0
                text5                              177D     177D        A         0
                text4                              17EC     17EC       14         0
                text3                               809      809       15         0
                text2                               800      800        9         0
                text1                               8AE      8AE       1A         0
                maintext                            C5F      C5F       80         0
                clrtext                            1792     1792        C         0
                idataBANK1                         1703     1703        6         0

        CLASS   STRCODE        
                stringtext1                        1000     1000       60         0

        CLASS   STRING         

        CLASS   CONST          

        CLASS   ENTRY          

        CLASS   COMMON         
                cstackCOMMON                         76       76        6         1
                bssCOMMON                            70       70        6         1

        CLASS   BANK0          
                cstackBANK0                          20       20       4F         1

        CLASS   BANK1          
                cstackBANK1                          DB       DB        A         1
                dataBANK1                            E5       E5        6         1
                bssBANK1                             A0       A0       3B         1
                nvBANK1                              EB       EB        5         1

        CLASS   BANK2          
                bssBANK2                            120      120       34         1
                nvBANK2                             154      154        A         1

        CLASS   BANK3          

        CLASS   BANK4          

        CLASS   BANK5          

        CLASS   BANK6          

        CLASS   BANK7          

        CLASS   BANK8          

        CLASS   BANK9          

        CLASS   BANK10         

        CLASS   BANK11         

        CLASS   BANK12         

        CLASS   BANK13         

        CLASS   BANK14         

        CLASS   BANK15         

        CLASS   BANK16         

        CLASS   BANK17         

        CLASS   BANK18         

        CLASS   BANK19         

        CLASS   BANK20         

        CLASS   BANK21         

        CLASS   BANK22         

        CLASS   BANK23         

        CLASS   BANK24         

        CLASS   BANK25         

        CLASS   BIGRAM         

        CLASS   RAM            

        CLASS   ABS1           
                abs_s1                               7E       7E        2         1
                abs_s1                              64E      64E       22         1
                abs_s1                              6A0      6A0       50         1
                abs_s1                              720      720       50         1
                abs_s1                              7A0      7A0       50         1
                abs_s1                              820      820       50         1
                abs_s1                              8A0      8A0       50         1
                abs_s1                              920      920       50         1
                abs_s1                              9A0      9A0       50         1
                abs_s1                              A20      A20       50         1
                abs_s1                              AA0      AA0       50         1
                abs_s1                              B20      B20       50         1
                abs_s1                              BA0      BA0       50         1
                abs_s1                              C20      C20       50         1
                abs_s1                              CA0      CA0       20         1
                abs_s1                             23EE     23EE        0         1

        CLASS   SFR0           

        CLASS   SFR1           

        CLASS   SFR2           

        CLASS   SFR3           

        CLASS   SFR4           

        CLASS   SFR5           

        CLASS   SFR6           

        CLASS   SFR7           

        CLASS   SFR8           

        CLASS   SFR9           

        CLASS   SFR10          

        CLASS   SFR11          

        CLASS   SFR12          

        CLASS   SFR13          

        CLASS   SFR14          

        CLASS   SFR15          

        CLASS   SFR16          

        CLASS   SFR17          

        CLASS   SFR18          

        CLASS   SFR19          

        CLASS   SFR20          

        CLASS   SFR21          

        CLASS   SFR22          

        CLASS   SFR23          

        CLASS   SFR24          

        CLASS   SFR25          

        CLASS   SFR26          

        CLASS   SFR27          

        CLASS   SFR28          

        CLASS   SFR29          

        CLASS   SFR30          

        CLASS   SFR31          

        CLASS   SFR32          

        CLASS   SFR33          

        CLASS   SFR34          

        CLASS   SFR35          

        CLASS   SFR36          

        CLASS   SFR37          

        CLASS   SFR38          

        CLASS   SFR39          

        CLASS   SFR40          

        CLASS   SFR41          

        CLASS   SFR42          

        CLASS   SFR43          

        CLASS   SFR44          

        CLASS   SFR45          

        CLASS   SFR46          

        CLASS   SFR47          

        CLASS   SFR48          

        CLASS   SFR49          

        CLASS   SFR50          

        CLASS   SFR51          

        CLASS   SFR52          

        CLASS   SFR53          

        CLASS   SFR54          

        CLASS   SFR55          

        CLASS   SFR56          

        CLASS   SFR57          

        CLASS   SFR58          

        CLASS   SFR59          

        CLASS   SFR60          

        CLASS   SFR61          

        CLASS   SFR62          

        CLASS   SFR63          

        CLASS   CONFIG         
                config                             8007     8007        3         0

        CLASS   IDLOC          

        CLASS   EEDATA         

        CLASS   BANK63         

        CLASS   BANK62         

        CLASS   BANK61         

        CLASS   BANK60         

        CLASS   BANK59         

        CLASS   BANK58         

        CLASS   BANK57         

        CLASS   BANK56         

        CLASS   BANK55         

        CLASS   BANK54         

        CLASS   BANK53         

        CLASS   BANK52         

        CLASS   BANK51         

        CLASS   BANK50         

        CLASS   BANK49         

        CLASS   BANK48         

        CLASS   BANK47         

        CLASS   BANK46         

        CLASS   BANK45         

        CLASS   BANK44         

        CLASS   BANK43         

        CLASS   BANK42         

        CLASS   BANK41         

        CLASS   BANK40         

        CLASS   BANK39         

        CLASS   BANK38         

        CLASS   BANK37         

        CLASS   BANK36         

        CLASS   BANK35         

        CLASS   BANK34         

        CLASS   BANK33         

        CLASS   BANK32         

        CLASS   BANK31         

        CLASS   BANK30         

        CLASS   BANK29         

        CLASS   BANK28         

        CLASS   BANK27         

        CLASS   BANK26         



SEGMENTS        Name                           Load    Length   Top    Selector   Space  Class     Delta

                text66                         00179E  00000D  0017AB      2F3C       0  CODE        2
                text53                         0017AB  00000D  0017B8      2F56       0  CODE        2
                clrtext                        001792  00000C  00179E      2F24       0  CODE        2
                reset_vec                      000000  000003  000003         0       0  CODE        2
                text27                         0017B8  00000F  0017C7      2F70       0  CODE        2
                text29                         001787  00000B  001792      2F0E       0  CODE        2
                text5                          00177D  00000A  001787      2EFA       0  CODE        2
                text2                          000800  000009  000809      1000       0  CODE        2
                text58                         0017C7  000011  0017D8      2F8E       0  CODE        2
                text4                          0017EC  000014  001800      2FD8       0  CODE        2
                text28                         0017D8  000014  0017EC      2FB0       0  CODE        2
                text7                          001774  000009  00177D      2EE8       0  CODE        2
                text11                         001762  000009  00176B      2EC4       0  CODE        2
                text10                         00176B  000009  001774      2ED6       0  CODE        2
                text57                         00084D  000018  000865      109A       0  CODE        2
                text65                         000835  000018  00084D      106A       0  CODE        2
                text47                         00081E  000017  000835      103C       0  CODE        2
                text3                          000809  000015  00081E      1012       0  CODE        2
                text12                         001759  000009  001762      2EB2       0  CODE        2
                text48                         00172C  000009  001735      2E58       0  CODE        2
                text50                         00171A  000009  001723      2E34       0  CODE        2
                text49                         001723  000009  00172C      2E46       0  CODE        2
                text13                         001750  000009  001759      2EA0       0  CODE        2
                text14                         001747  000009  001750      2E8E       0  CODE        2
                text46                         001735  000009  00173E      2E6A       0  CODE        2
                text39                         00173E  000009  001747      2E7C       0  CODE        2
                text26                         000865  000018  00087D      10CA       0  CODE        2
                text32                         000902  00001E  000920      1204       0  CODE        2
                text42                         000920  000020  000940      1240       0  CODE        2
                text35                         000940  000020  000960      1280       0  CODE        2
                text1                          0008AE  00001A  0008C8      115C       0  CODE        2
                text8                          0008C8  00001C  0008E4      1190       0  CODE        2
                text60                         0008E4  00001E  000902      11C8       0  CODE        2
                text25                         00087D  000018  000895      10FA       0  CODE        2
                text24                         000895  000019  0008AE      112A       0  CODE        2
                text62                         0016F4  000004  0016F8      2DE8       0  CODE        2
                text68                         0016F0  000004  0016F4      2DE0       0  CODE        2
                text63                         000003  000001  000004         6       0  CODE        2
                text45                         0016ED  000003  0016F0      2DDA       0  CODE        2
                text64                         0016E7  000003  0016EA      2DCE       0  CODE        2
                text59                         0016EA  000003  0016ED      2DD4       0  CODE        2
                idataBANK1                     001703  000006  001709      2E06       0  CODE        2
                text38                         001709  000008  001711      2E12       0  CODE        2
                text54                         0016FD  000006  001703      2DFA       0  CODE        2
                text51                         001711  000009  00171A      2E22       0  CODE        2
                text37                         0016F8  000005  0016FD      2DF0       0  CODE        2
                text20                         000960  000020  000980      12C0       0  CODE        2
                bssBANK2                       000120  00003E  00015E       120       1  BANK2       1
                intentry                       000004  0007FC  000800         8       0  CODE        2
                bssBANK1                       0000A0  000050  0000F0        A0       1  BANK1       1
                config                         008007  000003  00800A     1000E       0  CONFIG      2
                cstackBANK0                    000020  00004F  00006F        20       1  BANK0       1
                bssCOMMON                      000070  00000C  00007C        70       1  COMMON      1
                text9                          000AB2  000045  000AF7      1564       0  CODE        2
                text44                         000A7D  000035  000AB2      14FA       0  CODE        2
                text41                         000AF7  00004B  000B42      15EE       0  CODE        2
                stringtext1                    001000  000060  001060      2000       0  STRCODE     2
                text36                         000B42  000052  000B94      1684       0  CODE        2
                text61                         000A4D  000030  000A7D      149A       0  CODE        2
                text15                         0009A1  000026  0009C7      1342       0  CODE        2
                text33                         000980  000021  0009A1      1300       0  CODE        2
                text34                         0009C7  00002A  0009F1      138E       0  CODE        2
                text6                          000A1E  00002F  000A4D      143C       0  CODE        2
                text31                         0009F1  00002D  000A1E      13E2       0  CODE        2
                text56                         000EAC  000154  001000      1D58       0  CODE        2
                text18                         000BF9  000066  000C5F      17F2       0  CODE        2
                text23                         000B94  000065  000BF9      1728       0  CODE        2
                maintext                       000C5F  000080  000CDF      18BE       0  CODE        2
                text40                         000DB0  0000FC  000EAC      1B60       0  CODE        2
                text43                         000CDF  0000D1  000DB0      19BE       0  CODE        2


UNUSED ADDRESS RANGES

        Name                Unused          Largest block    Delta
        BANK0            0006F-0006F               1           1
        BANK10           00520-0056F              50           1
        BANK11           005A0-005EF              50           1
        BANK12           00620-0064D              2E           1
        BANK2            0015E-0016F              12           1
        BANK3            001A0-001EF              50           1
        BANK4            00220-0026F              50           1
        BANK5            002A0-002EF              50           1
        BANK6            00320-0036F              50           1
        BANK7            003A0-003EF              50           1
        BANK8            00420-0046F              50           1
        BANK9            004A0-004EF              50           1
        BIGRAM           02000-027EF             7F0           1
        CODE             01060-016E6             687           2
                         01800-03FFF             800
        COMMON           0007C-0007D               2           1
        CONFIG           0800A-0800B               2           2
        CONST            01060-016E6             100           2
                         01800-03FFF             100
        EEDATA           0F000-0F0FF             100           2
        ENTRY            01060-016E6             100           2
                         01800-03FFF             100
        IDLOC            08000-08003               4           2
        RAM              0006F-0006F               1           1
                         0015E-0016F              12
                         001A0-001EF              50
                         00220-0026F              50
                         002A0-002EF              50
                         00320-0036F              50
                         003A0-003EF              50
                         00420-0046F              50
                         004A0-004EF              50
                         00520-0056F              50
                         005A0-005EF              50
                         00620-0064D              2E
        SFR0             00000-0001F              20           1
        SFR1             00080-0009F              20           1
        SFR10            00500-0051F              20           1
        SFR11            00580-0059F              20           1
        SFR12            00600-0061F              20           1
        SFR13            00680-0069F              20           1
        SFR14            00700-0071F              20           1
        SFR15            00780-0079F              20           1
        SFR16            00800-0081F              20           1
        SFR17            00880-0089F              20           1
        SFR18            00900-0091F              20           1
        SFR19            00980-0099F              20           1
        SFR2             00100-0011F              20           1
        SFR20            00A00-00A1F              20           1
        SFR21            00A80-00A9F              20           1
        SFR22            00B00-00B1F              20           1
        SFR23            00B80-00B9F              20           1
        SFR24            00C00-00C1F              20           1
        SFR25            00C80-00C9F              20           1
        SFR26            00D00-00D6F              70           1
        SFR27            00D80-00DEF              70           1
        SFR28            00E00-00E6F              70           1
        SFR29            00E80-00EEF              70           1
        SFR3             00180-0019F              20           1
        SFR30            00F00-00F6F              70           1
        SFR31            00F80-00FEF              70           1
        SFR32            01000-0106F              70           1
        SFR33            01080-010EF              70           1
        SFR34            01100-0116F              70           1
        SFR35            01180-011EF              70           1
        SFR36            01200-0126F              70           1
        SFR37            01280-012EF              70           1
        SFR38            01300-0136F              70           1
        SFR39            01380-013EF              70           1
        SFR4             00200-0021F              20           1
        SFR40            01400-0146F              70           1
        SFR41            01480-014EF              70           1
        SFR42            01500-0156F              70           1
        SFR43            01580-015EF              70           1
        SFR44            01600-0166F              70           1
        SFR45            01680-016EF              70           1
        SFR46            01700-0176F              70           1
        SFR47            01780-017EF              70           1
        SFR48            01800-0186F              70           1
        SFR49            01880-018EF              70           1
        SFR5             00280-0029F              20           1
        SFR50            01900-0196F              70           1
        SFR51            01980-019EF              70           1
        SFR52            01A00-01A6F              70           1
        SFR53            01A80-01AEF              70           1
        SFR54            01B00-01B6F              70           1
        SFR55            01B80-01BEF              70           1
        SFR56            01C00-01C6F              70           1
        SFR57            01C80-01CEF              70           1
        SFR58            01D00-01D6F              70           1
        SFR59            01D80-01DEF              70           1
        SFR6             00300-0031F              20           1
        SFR60            01E00-01E6F              70           1
        SFR61            01E80-01EEF              70           1
        SFR62            01F00-01F6F              70           1
        SFR63            01F80-01FEF              70           1
        SFR7             00380-0039F              20           1
        SFR8             00400-0041F              20           1
        SFR9             00480-0049F              20           1
        STACK            020DE-023ED             310           1
        STRCODE          01060-016E6             687           2
                         01800-03FFF            2800
        STRING           01060-016E6             100           2
                         01800-03FFF             100

                                  Symbol Table

?_CLOCK_getTime                                 cstackBANK0  00020
?__Umul8_16                                     cstackBANK0  00020
?___fldiv                                       cstackBANK0  0002E
?___flmul                                       cstackBANK0  00048
?___fltol                                       cstackBANK0  00062
?___lwdiv                                       cstackBANK0  00020
?___lwmod                                       cstackBANK0  00028
?___xxtofl                                      cstackBANK0  00020
ADCC_SetADTIInterruptHandler@InterruptHandler   cstackBANK0  00020
ADCC_SetUpperThreshold@upperThreshold           cstackBANK0  00020
ADCC_StartConversion@channel                    cstackBANK0  00020
BEAT_task@offset                                cstackBANK0  0002A
BUTTONS_isClicked@button                        cstackBANK0  00020
BUTTONS_isHeld@button                           cstackBANK0  00020
BUTTONS_task@btn                                cstackBANK0  00028
BUTTONS_task@i                                  cstackBANK0  00025
BUTTONS_task@time                               cstackBANK0  00026
CONTROLLER_task@active                          cstackBANK0  0003F
EUSART1_SetErrorHandler@interruptHandler        cstackBANK0  00020
EUSART1_SetFramingErrorHandler@interruptHandler cstackBANK0  00020
EUSART1_SetOverrunErrorHandler@interruptHandler cstackBANK0  00020
EUSART1_SetRxInterruptHandler@interruptHandler  cstackBANK0  00020
EUSART1_SetTxInterruptHandler@interruptHandler  cstackBANK0  00020
I2C1_ISR@i2c_10bit_address_restart              bssBANK1     000CB
I2C1_ISR@i2c_address                            bssCOMMON    00074
I2C1_ISR@i2c_bytes_left                         bssBANK1     000CC
I2C1_ISR@pi2c_buf_ptr                           bssBANK1     000CD
I2C1_MasterRead@trBlock                         bssBANK2     00150
I2C1_MasterTRBInsert@count                      cstackBANK0  00024
I2C1_MasterTRBInsert@pflag                      cstackBANK0  00022
I2C1_MasterTRBInsert@ptrb_list                  cstackBANK0  00020
I2C1_MasterWrite@address                        cstackBANK0  00028
I2C1_MasterWrite@length                         cstackBANK0  00027
I2C1_MasterWrite@pdata                          cstackBANK0  0002D
I2C1_MasterWrite@pflag                          cstackBANK0  0002A
I2C1_MasterWrite@trBlock                        bssBANK1     000D3
I2C1_MasterWriteTRBBuild@address                cstackBANK0  00022
I2C1_MasterWriteTRBBuild@length                 cstackBANK0  00021
I2C1_MasterWriteTRBBuild@pdata                  cstackBANK0  00020
I2C1_MasterWriteTRBBuild@ptrb                   cstackBANK0  00026
I2C1_Stop@completion_code                       cstackCOMMON 00077
LED_setColor@blue                               cstackBANK1  000DF
LED_setColor@green                              cstackBANK1  000DD
LED_setColor@red                                cstackBANK1  000DB
LED_setColor@white                              cstackBANK1  000E1
TM1650_enable@enable                            cstackBANK0  00035
TM1650_fastPrintNum@inputNumber                 cstackBANK0  0003A
TM1650_setDigit@charTable                       stringtext1  01000
TM1650_setDigit@character                       cstackBANK0  00039
TM1650_setDigit@digit                           cstackBANK0  00038
TM1650_setDigit@dp                              cstackBANK0  00036
TM1650_setDigit@num                             cstackBANK0  00035
TMR0_SetInterruptHandler@InterruptHandler       cstackBANK0  00020
_ADACCH                                         (abs)        00097
_ADACCL                                         (abs)        00096
_ADACCU                                         (abs)        00098
_ADACQH                                         (abs)        0010D
_ADACQL                                         (abs)        0010C
_ADACT                                          (abs)        00117
_ADCAP                                          (abs)        0010E
_ADCC_ADTI_InterruptHandler                     nvBANK1      000ED
_ADCC_DefaultInterruptHandler                   text67       00002
_ADCC_Initialize                                text15       009A1
_ADCC_SetADTIInterruptHandler                   text50       0171A
_ADCC_SetUpperThreshold                         text49       01723
_ADCC_StartConversion                           text48       0172C
_ADCC_ThresholdISR                              text66       0179E
_ADCLK                                          (abs)        00118
_ADCNT                                          (abs)        00099
_ADCON0                                         (abs)        00111
_ADCON0bits                                     (abs)        00111
_ADCON1                                         (abs)        00112
_ADCON1bits                                     (abs)        00112
_ADCON2                                         (abs)        00113
_ADCON2bits                                     (abs)        00113
_ADCON3                                         (abs)        00114
_ADCON3bits                                     (abs)        00114
_ADERRH                                         (abs)        00091
_ADERRL                                         (abs)        00090
_ADFLTRH                                        (abs)        00095
_ADFLTRL                                        (abs)        00094
_ADLTHH                                         (abs)        0008D
_ADLTHL                                         (abs)        0008C
_ADPCH                                          (abs)        0009F
_ADPREH                                         (abs)        00110
_ADPREL                                         (abs)        0010F
_ADPREVH                                        (abs)        0009C
_ADPREVL                                        (abs)        0009B
_ADREF                                          (abs)        00116
_ADRESH                                         (abs)        0009E
_ADRESL                                         (abs)        0009D
_ADRPT                                          (abs)        0009A
_ADSTAT                                         (abs)        00115
_ADSTATbits                                     (abs)        00115
_ADSTPTH                                        (abs)        00093
_ADSTPTL                                        (abs)        00092
_ADUTHH                                         (abs)        0008F
_ADUTHL                                         (abs)        0008E
_ANSELA                                         (abs)        01F38
_ANSELB                                         (abs)        01F43
_ANSELC                                         (abs)        01F4E
_BAUD1CON                                       (abs)        0011F
_BAUD1CONbits                                   (abs)        0011F
_BEAT_detected                                  text51       01711
_BEAT_init                                      text47       0081E
_BEAT_task                                      text43       00CDF
_BUTTONS_init                                   text41       00AF7
_BUTTONS_isClicked                              text28       017D8
_BUTTONS_isHeld                                 text27       017B8
_BUTTONS_task                                   text40       00DB0
_CCP1CONbits                                    (abs)        0030E
_CCP2CONbits                                    (abs)        00312
_CCP3CONbits                                    (abs)        00316
_CCP4CONbits                                    (abs)        0031A
_CCPR1                                          (abs)        0030C
_CCPR2                                          (abs)        00310
_CCPR3                                          (abs)        00314
_CCPR4                                          (abs)        00318
_CLOCK_getTime                                  text46       01735
_CLOCK_init                                     text38       01709
_CLOCK_timerCallback                            text54       016FD
_CONTROLLER_init                                text29       01787
_CONTROLLER_task                                text23       00B94
_EUSART1_DefaultErrorHandler                    text64       016E7
_EUSART1_DefaultFramingErrorHandler             text63       00003
_EUSART1_DefaultOverrunErrorHandler             text62       016F4
_EUSART1_ErrorHandler                           nvBANK2      00154
_EUSART1_FramingErrorHandler                    nvBANK2      00158
_EUSART1_Initialize                             text9        00AB2
_EUSART1_OverrunErrorHandler                    nvBANK2      00156
_EUSART1_Receive_ISR                            text61       00A4D
_EUSART1_RxDataHandler                          text65       00835
_EUSART1_RxDefaultInterruptHandler              nvBANK2      0015A
_EUSART1_SetErrorHandler                        text14       01747
_EUSART1_SetFramingErrorHandler                 text13       01750
_EUSART1_SetOverrunErrorHandler                 text12       01759
_EUSART1_SetRxInterruptHandler                  text11       01762
_EUSART1_SetTxInterruptHandler                  text10       0176B
_EUSART1_Transmit_ISR                           text60       008E4
_EUSART1_TxDefaultInterruptHandler              nvBANK2      0015C
_I2C1_BusCollisionISR                           text59       016EA
_I2C1_FunctionComplete                          text58       017C7
_I2C1_ISR                                       text56       00EAC
_I2C1_Initialize                                text8        008C8
_I2C1_MasterTRBInsert                           text36       00B42
_I2C1_MasterWrite                               text34       009C7
_I2C1_MasterWriteTRBBuild                       text35       00940
_I2C1_Stop                                      text57       0084D
_I2C1_WaitForLastPacketToComplete               text37       016F8
_INTCONbits                                     (abs)        0000B
_INTERRUPT_InterruptManager                     intentry     00004
_LATA                                           (abs)        00018
_LATB                                           (abs)        00019
_LATC                                           (abs)        0001A
_LED_init                                       text22       007D7
_LED_setColor                                   text16       005CF
_ODCONA                                         (abs)        01F3A
_ODCONB                                         (abs)        01F45
_ODCONC                                         (abs)        01F50
_OSCCON1                                        (abs)        0088D
_OSCCON3                                        (abs)        0088F
_OSCEN                                          (abs)        00891
_OSCFRQ                                         (abs)        00893
_OSCILLATOR_Initialize                          text7        01774
_OSCTUNE                                        (abs)        00892
_PIE0bits                                       (abs)        00716
_PIE1bits                                       (abs)        00717
_PIE3bits                                       (abs)        00719
_PIN_MANAGER_Initialize                         text6        00A1E
_PIR0bits                                       (abs)        0070C
_PIR1bits                                       (abs)        0070D
_PIR3bits                                       (abs)        0070F
_PMD0                                           (abs)        00796
_PMD1                                           (abs)        00797
_PMD2                                           (abs)        00798
_PMD3                                           (abs)        00799
_PMD4                                           (abs)        0079A
_PMD5                                           (abs)        0079B
_PMD6                                           (abs)        0079C
_PMD7                                           (abs)        0079D
_PMD_Initialize                                 text5        0177D
_PORTA                                          (abs)        0000C
_PORTC                                          (abs)        0000E
_RA4PPS                                         (abs)        01F14
_RA5PPS                                         (abs)        01F15
_RB6PPS                                         (abs)        01F1E
_RC1REG                                         (abs)        00119
_RC1STA                                         (abs)        0011D
_RC1STAbits                                     (abs)        0011D
_RC3PPS                                         (abs)        01F23
_RC4PPS                                         (abs)        01F24
_RC6PPS                                         (abs)        01F26
_RC7PPS                                         (abs)        01F27
_RX1DTPPS                                       (abs)        01ECB
_RX1PPS                                         (abs)        01ECB
_SLRCONA                                        (abs)        01F3B
_SLRCONB                                        (abs)        01F46
_SLRCONC                                        (abs)        01F51
_SP1BRG                                         (abs)        0011B
_SP1BRGH                                        (abs)        0011C
_SP1BRGL                                        (abs)        0011B
_SSP1ADD                                        (abs)        0018D
_SSP1BUF                                        (abs)        0018C
_SSP1CLKPPS                                     (abs)        01EC5
_SSP1CON1                                       (abs)        00190
_SSP1CON1bits                                   (abs)        00190
_SSP1CON2bits                                   (abs)        00191
_SSP1CON3                                       (abs)        00192
_SSP1DATPPS                                     (abs)        01EC6
_SSP1STAT                                       (abs)        0018F
_SYSTEM_Initialize                              text3        00809
_T0CON0                                         (abs)        0059E
_T0CON0bits                                     (abs)        0059E
_T0CON1                                         (abs)        0059F
_T2CLKCON                                       (abs)        00290
_T2CONbits                                      (abs)        0028E
_TM1650_enable                                  text26       00865
_TM1650_fastPrintNum                            text30       002A2
_TM1650_init                                    text2        00800
_TM1650_isEnabled                               text45       016ED
_TM1650_setDigit                                text32       00902
_TMR0H                                          (abs)        0059D
_TMR0L                                          (abs)        0059C
_TMR0_DefaultInterruptHandler                   text55       007FF
_TMR0_ISR                                       text53       017AB
_TMR0_Initialize                                text4        017EC
_TMR0_InterruptHandler                          nvBANK1      000EB
_TMR0_SetInterruptHandler                       text39       0173E
_TRISA                                          (abs)        00012
_TRISB                                          (abs)        00013
_TRISB4                                         (abs)        0009C
_TRISC                                          (abs)        00014
_TRISC3                                         (abs)        000A3
_TRISC4                                         (abs)        000A4
_TRISC6                                         (abs)        000A6
_TRISC7                                         (abs)        000A7
_TX1REG                                         (abs)        0011A
_TX1STA                                         (abs)        0011E
_TX1STAbits                                     (abs)        0011E
_UART_init                                      text1        008AE
_WPUA                                           (abs)        01F39
_WPUB                                           (abs)        01F44
_WPUC                                           (abs)        01F4F
__CFG_FEXTOSC$OFF                               (abs)        00000
__CFG_WDTE$OFF                                  (abs)        00000
__Habs1                                         abs1         00000
__Hbank0                                        bank0        00000
__Hbank1                                        bank1        00000
__Hbank10                                       bank10       00000
__Hbank11                                       bank11       00000
__Hbank12                                       bank12       00000
__Hbank13                                       bank13       00000
__Hbank14                                       bank14       00000
__Hbank15                                       bank15       00000
__Hbank16                                       bank16       00000
__Hbank17                                       bank17       00000
__Hbank18                                       bank18       00000
__Hbank19                                       bank19       00000
__Hbank2                                        bank2        00000
__Hbank20                                       bank20       00000
__Hbank21                                       bank21       00000
__Hbank22                                       bank22       00000
__Hbank23                                       bank23       00000
__Hbank24                                       bank24       00000
__Hbank25                                       bank25       00000
__Hbank26                                       bank26       00000
__Hbank27                                       bank27       00000
__Hbank28                                       bank28       00000
__Hbank29                                       bank29       00000
__Hbank3                                        bank3        00000
__Hbank30                                       bank30       00000
__Hbank31                                       bank31       00000
__Hbank32                                       bank32       00000
__Hbank33                                       bank33       00000
__Hbank34                                       bank34       00000
__Hbank35                                       bank35       00000
__Hbank36                                       bank36       00000
__Hbank37                                       bank37       00000
__Hbank38                                       bank38       00000
__Hbank39                                       bank39       00000
__Hbank4                                        bank4        00000
__Hbank40                                       bank40       00000
__Hbank41                                       bank41       00000
__Hbank42                                       bank42       00000
__Hbank43                                       bank43       00000
__Hbank44                                       bank44       00000
__Hbank45                                       bank45       00000
__Hbank46                                       bank46       00000
__Hbank47                                       bank47       00000
__Hbank48                                       bank48       00000
__Hbank49                                       bank49       00000
__Hbank5                                        bank5        00000
__Hbank50                                       bank50       00000
__Hbank51                                       bank51       00000
__Hbank52                                       bank52       00000
__Hbank53                                       bank53       00000
__Hbank54                                       bank54       00000
__Hbank55                                       bank55       00000
__Hbank56                                       bank56       00000
__Hbank57                                       bank57       00000
__Hbank58                                       bank58       00000
__Hbank59                                       bank59       00000
__Hbank6                                        bank6        00000
__Hbank60                                       bank60       00000
__Hbank61                                       bank61       00000
__Hbank62                                       bank62       00000
__Hbank63                                       bank63       00000
__Hbank7                                        bank7        00000
__Hbank8                                        bank8        00000
__Hbank9                                        bank9        00000
__Hbigram                                       bigram       00000
__HbssBANK1                                     bssBANK1     00000
__HbssBANK2                                     bssBANK2     00000
__HbssCOMMON                                    bssCOMMON    00000
__Hcinit                                        cinit        00076
__Hclrtext                                      clrtext      00000
__Hcode                                         code         00000
__Hcommon                                       common       00000
__Hconfig                                       config       0800A
__HcstackBANK0                                  cstackBANK0  00000
__HcstackBANK1                                  cstackBANK1  00000
__HcstackCOMMON                                 cstackCOMMON 00000
__HdataBANK1                                    dataBANK1    00000
__Heeprom_data                                  eeprom_data  00000
__Hend_init                                     end_init     0003B
__Hfunctab                                      functab      00000
__HidataBANK1                                   idataBANK1   00000
__Hidloc                                        idloc        00000
__Hinit                                         init         00039
__Hintentry                                     intentry     00039
__Hmaintext                                     maintext     00000
__HnvBANK1                                      nvBANK1      00000
__HnvBANK2                                      nvBANK2      00000
__Hpowerup                                      powerup      00000
__Hram                                          ram          00000
__Hreset_vec                                    reset_vec    00002
__Hsfr0                                         sfr0         00000
__Hsfr1                                         sfr1         00000
__Hsfr10                                        sfr10        00000
__Hsfr11                                        sfr11        00000
__Hsfr12                                        sfr12        00000
__Hsfr13                                        sfr13        00000
__Hsfr14                                        sfr14        00000
__Hsfr15                                        sfr15        00000
__Hsfr16                                        sfr16        00000
__Hsfr17                                        sfr17        00000
__Hsfr18                                        sfr18        00000
__Hsfr19                                        sfr19        00000
__Hsfr2                                         sfr2         00000
__Hsfr20                                        sfr20        00000
__Hsfr21                                        sfr21        00000
__Hsfr22                                        sfr22        00000
__Hsfr23                                        sfr23        00000
__Hsfr24                                        sfr24        00000
__Hsfr25                                        sfr25        00000
__Hsfr26                                        sfr26        00000
__Hsfr27                                        sfr27        00000
__Hsfr28                                        sfr28        00000
__Hsfr29                                        sfr29        00000
__Hsfr3                                         sfr3         00000
__Hsfr30                                        sfr30        00000
__Hsfr31                                        sfr31        00000
__Hsfr32                                        sfr32        00000
__Hsfr33                                        sfr33        00000
__Hsfr34                                        sfr34        00000
__Hsfr35                                        sfr35        00000
__Hsfr36                                        sfr36        00000
__Hsfr37                                        sfr37        00000
__Hsfr38                                        sfr38        00000
__Hsfr39                                        sfr39        00000
__Hsfr4                                         sfr4         00000
__Hsfr40                                        sfr40        00000
__Hsfr41                                        sfr41        00000
__Hsfr42                                        sfr42        00000
__Hsfr43                                        sfr43        00000
__Hsfr44                                        sfr44        00000
__Hsfr45                                        sfr45        00000
__Hsfr46                                        sfr46        00000
__Hsfr47                                        sfr47        00000
__Hsfr48                                        sfr48        00000
__Hsfr49                                        sfr49        00000
__Hsfr5                                         sfr5         00000
__Hsfr50                                        sfr50        00000
__Hsfr51                                        sfr51        00000
__Hsfr52                                        sfr52        00000
__Hsfr53                                        sfr53        00000
__Hsfr54                                        sfr54        00000
__Hsfr55                                        sfr55        00000
__Hsfr56                                        sfr56        00000
__Hsfr57                                        sfr57        00000
__Hsfr58                                        sfr58        00000
__Hsfr59                                        sfr59        00000
__Hsfr6                                         sfr6         00000
__Hsfr60                                        sfr60        00000
__Hsfr61                                        sfr61        00000
__Hsfr62                                        sfr62        00000
__Hsfr63                                        sfr63        00000
__Hsfr7                                         sfr7         00000
__Hsfr8                                         sfr8         00000
__Hsfr9                                         sfr9         00000
__Hspace_0                                      (abs)        0800A
__Hspace_1                                      (abs)        0015E
__Hspace_2                                      (abs)        00000
__Hspace_3                                      (abs)        00000
__Hstack                                        stack        00000
__Hstrings                                      strings      00000
__Hstringtext1                                  stringtext1  00000
__Htext                                         text         00000
__Labs1                                         abs1         00000
__Lbank0                                        bank0        00000
__Lbank1                                        bank1        00000
__Lbank10                                       bank10       00000
__Lbank11                                       bank11       00000
__Lbank12                                       bank12       00000
__Lbank13                                       bank13       00000
__Lbank14                                       bank14       00000
__Lbank15                                       bank15       00000
__Lbank16                                       bank16       00000
__Lbank17                                       bank17       00000
__Lbank18                                       bank18       00000
__Lbank19                                       bank19       00000
__Lbank2                                        bank2        00000
__Lbank20                                       bank20       00000
__Lbank21                                       bank21       00000
__Lbank22                                       bank22       00000
__Lbank23                                       bank23       00000
__Lbank24                                       bank24       00000
__Lbank25                                       bank25       00000
__Lbank26                                       bank26       00000
__Lbank27                                       bank27       00000
__Lbank28                                       bank28       00000
__Lbank29                                       bank29       00000
__Lbank3                                        bank3        00000
__Lbank30                                       bank30       00000
__Lbank31                                       bank31       00000
__Lbank32                                       bank32       00000
__Lbank33                                       bank33       00000
__Lbank34                                       bank34       00000
__Lbank35                                       bank35       00000
__Lbank36                                       bank36       00000
__Lbank37                                       bank37       00000
__Lbank38                                       bank38       00000
__Lbank39                                       bank39       00000
__Lbank4                                        bank4        00000
__Lbank40                                       bank40       00000
__Lbank41                                       bank41       00000
__Lbank42                                       bank42       00000
__Lbank43                                       bank43       00000
__Lbank44                                       bank44       00000
__Lbank45                                       bank45       00000
__Lbank46                                       bank46       00000
__Lbank47                                       bank47       00000
__Lbank48                                       bank48       00000
__Lbank49                                       bank49       00000
__Lbank5                                        bank5        00000
__Lbank50                                       bank50       00000
__Lbank51                                       bank51       00000
__Lbank52                                       bank52       00000
__Lbank53                                       bank53       00000
__Lbank54                                       bank54       00000
__Lbank55                                       bank55       00000
__Lbank56                                       bank56       00000
__Lbank57                                       bank57       00000
__Lbank58                                       bank58       00000
__Lbank59                                       bank59       00000
__Lbank6                                        bank6        00000
__Lbank60                                       bank60       00000
__Lbank61                                       bank61       00000
__Lbank62                                       bank62       00000
__Lbank63                                       bank63       00000
__Lbank7                                        bank7        00000
__Lbank8                                        bank8        00000
__Lbank9                                        bank9        00000
__Lbigram                                       bigram       00000
__LbssBANK1                                     bssBANK1     00000
__LbssBANK2                                     bssBANK2     00000
__LbssCOMMON                                    bssCOMMON    00000
__Lcinit                                        cinit        0003B
__Lclrtext                                      clrtext      00000
__Lcode                                         code         00000
__Lcommon                                       common       00000
__Lconfig                                       config       08007
__LcstackBANK0                                  cstackBANK0  00000
__LcstackBANK1                                  cstackBANK1  00000
__LcstackCOMMON                                 cstackCOMMON 00000
__LdataBANK1                                    dataBANK1    00000
__Leeprom_data                                  eeprom_data  00000
__Lend_init                                     end_init     00039
__Lfunctab                                      functab      00000
__LidataBANK1                                   idataBANK1   00000
__Lidloc                                        idloc        00000
__Linit                                         init         00039
__Lintentry                                     intentry     00004
__Lmaintext                                     maintext     00000
__LnvBANK1                                      nvBANK1      00000
__LnvBANK2                                      nvBANK2      00000
__Lpowerup                                      powerup      00000
__Lram                                          ram          00000
__Lreset_vec                                    reset_vec    00000
__Lsfr0                                         sfr0         00000
__Lsfr1                                         sfr1         00000
__Lsfr10                                        sfr10        00000
__Lsfr11                                        sfr11        00000
__Lsfr12                                        sfr12        00000
__Lsfr13                                        sfr13        00000
__Lsfr14                                        sfr14        00000
__Lsfr15                                        sfr15        00000
__Lsfr16                                        sfr16        00000
__Lsfr17                                        sfr17        00000
__Lsfr18                                        sfr18        00000
__Lsfr19                                        sfr19        00000
__Lsfr2                                         sfr2         00000
__Lsfr20                                        sfr20        00000
__Lsfr21                                        sfr21        00000
__Lsfr22                                        sfr22        00000
__Lsfr23                                        sfr23        00000
__Lsfr24                                        sfr24        00000
__Lsfr25                                        sfr25        00000
__Lsfr26                                        sfr26        00000
__Lsfr27                                        sfr27        00000
__Lsfr28                                        sfr28        00000
__Lsfr29                                        sfr29        00000
__Lsfr3                                         sfr3         00000
__Lsfr30                                        sfr30        00000
__Lsfr31                                        sfr31        00000
__Lsfr32                                        sfr32        00000
__Lsfr33                                        sfr33        00000
__Lsfr34                                        sfr34        00000
__Lsfr35                                        sfr35        00000
__Lsfr36                                        sfr36        00000
__Lsfr37                                        sfr37        00000
__Lsfr38                                        sfr38        00000
__Lsfr39                                        sfr39        00000
__Lsfr4                                         sfr4         00000
__Lsfr40                                        sfr40        00000
__Lsfr41                                        sfr41        00000
__Lsfr42                                        sfr42        00000
__Lsfr43                                        sfr43        00000
__Lsfr44                                        sfr44        00000
__Lsfr45                                        sfr45        00000
__Lsfr46                                        sfr46        00000
__Lsfr47                                        sfr47        00000
__Lsfr48                                        sfr48        00000
__Lsfr49                                        sfr49        00000
__Lsfr5                                         sfr5         00000
__Lsfr50                                        sfr50        00000
__Lsfr51                                        sfr51        00000
__Lsfr52                                        sfr52        00000
__Lsfr53                                        sfr53        00000
__Lsfr54                                        sfr54        00000
__Lsfr55                                        sfr55        00000
__Lsfr56                                        sfr56        00000
__Lsfr57                                        sfr57        00000
__Lsfr58                                        sfr58        00000
__Lsfr59                                        sfr59        00000
__Lsfr6                                         sfr6         00000
__Lsfr60                                        sfr60        00000
__Lsfr61                                        sfr61        00000
__Lsfr62                                        sfr62        00000
__Lsfr63                                        sfr63        00000
__Lsfr7                                         sfr7         00000
__Lsfr8                                         sfr8         00000
__Lsfr9                                         sfr9         00000
__Lspace_0                                      (abs)        00000
__Lspace_1                                      (abs)        00000
__Lspace_2                                      (abs)        00000
__Lspace_3                                      (abs)        00000
__Lstack                                        stack        00000
__Lstrings                                      strings      00000
__Lstringtext1                                  stringtext1  00000
__Ltext                                         text         00000
__S0                                            (abs)        0800A
__S1                                            (abs)        0015E
__S2                                            (abs)        00000
__S3                                            (abs)        00000
__Umul8_16                                      text20       00960
__Umul8_16@multiplicand                         cstackBANK0  00020
__Umul8_16@multiplier                           cstackBANK0  00028
__Umul8_16@product                              cstackBANK0  00024
__Umul8_16@word_mpld                            cstackBANK0  00026
___fldiv                                        text21       00455
___fldiv@a                                      cstackBANK0  0002E
___fldiv@aexp                                   cstackBANK0  00047
___fldiv@b                                      cstackBANK0  00032
___fldiv@bexp                                   cstackBANK0  00046
___fldiv@grs                                    cstackBANK0  00042
___fldiv@new_exp                                cstackBANK0  00040
___fldiv@rem                                    cstackBANK0  0003B
___fldiv@sign                                   cstackBANK0  0003F
___flmul                                        text19       00076
___flmul@a                                      cstackBANK0  0004C
___flmul@aexp                                   cstackBANK0  00056
___flmul@b                                      cstackBANK0  00048
___flmul@bexp                                   cstackBANK0  0005B
___flmul@grs                                    cstackBANK0  00057
___flmul@prod                                   cstackBANK0  0005C
___flmul@sign                                   cstackBANK0  00055
___flmul@temp                                   cstackBANK0  00060
___fltol                                        text18       00BF9
___fltol@exp1                                   cstackBANK0  0006C
___fltol@f1                                     cstackBANK0  00062
___fltol@sign1                                  cstackBANK0  0006B
___int_sp                                       stack        00000
___latbits                                      (abs)        00003
___lwdiv                                        text44       00A7D
___lwdiv@counter                                cstackBANK0  00025
___lwdiv@dividend                               cstackBANK0  00022
___lwdiv@divisor                                cstackBANK0  00020
___lwdiv@quotient                               cstackBANK0  00026
___lwmod                                        text31       009F1
___lwmod@counter                                cstackBANK0  0002D
___lwmod@dividend                               cstackBANK0  0002A
___lwmod@divisor                                cstackBANK0  00028
___sp                                           stack        00000
___stackhi                                      (abs)        023ED
[...]
		On exit  : 
		Unchanged: 
 Data sizes:     COMMON   BANK0   BANK1   BANK2   BANK3   BANK4   BANK5   BANK6   BANK7   BANK8   BANK9  BANK10  BANK11  BANK12  BANK13  BANK14  BANK15  BANK16  BANK17  BANK18  BANK19  BANK20  BANK21  BANK22  BANK23  BANK24  BANK25
      Params:         0       0       0       0       0       0       0       0       0       0       0       0       0       0       0       0       0       0       0       0       0       0       0       0       0       0       0
      Locals:         0       0       0       0       0       0       0       0       0       0       0       0       0       0       0       0       0       0       0       0       0       0       0       0       0       0       0
      Temps:          0       0       0       0       0       0       0       0       0       0       0       0       0       0       0       0       0       0       0       0       0       0       0       0       0       0       0
      Totals:         0       0       0       0       0       0       0       0       0       0       0       0       0       0       0       0       0       0       0       0       0       0       0       0       0       0       0
Total ram usage:        0 bytes
 Hardware stack levels used:    1
 Hardware stack levels required when called:    2
 This function calls:
		Absolute function
		_EUSART1_DefaultErrorHandler
		_EUSART1_DefaultFramingErrorHandler
		_EUSART1_DefaultOverrunErrorHandler
		_EUSART1_RxDataHandler
 This function is called by:
		_EUSART1_Initialize
		_INTERRUPT_InterruptManager
 This function uses a non-reentrant model


 *************** function _EUSART1_DefaultOverrunErrorHandler *****************
 Defined at:
		line 249 in file "mcc_generated_files/eusart1.c"
 Parameters:    Size  Location     Type
		None
 Auto vars:     Size  Location     Type
		None
 Return value:  Size  Location     Type
                  1    wreg      void 
 Registers used:
		None
 Tracked objects:
		On entry : 
		On exit  : 
		Unchanged: 
 Data sizes:     COMMON   BANK0   BANK1   BANK2   BANK3   BANK4   BANK5   BANK6   BANK7   BANK8   BANK9  BANK10  BANK11  BANK12  BANK13  BANK14  BANK15  BANK16  BANK17  BANK18  BANK19  BANK20  BANK21  BANK22  BANK23  BANK24  BANK25
      Params:         0       0       0       0       0       0       0       0       0       0       0       0       0       0       0       0       0       0       0       0       0       0       0       0       0       0       0
      Locals:         0       0       0       0       0       0       0       0       0       0       0       0       0       0       0       0       0       0       0       0       0       0       0       0       0       0       0
      Temps:          0       0       0       0       0       0       0       0       0       0       0       0       0       0       0       0       0       0       0       0       0       0       0       0       0       0       0
      Totals:         0       0       0       0       0       0       0       0       0       0       0       0       0       0       0       0       0       0       0       0       0       0       0       0       0       0       0
Total ram usage:        0 bytes
 Hardware stack levels used:    1
 This function calls:
		Nothing
 This function is called by:
		_EUSART1_Initialize
		_EUSART1_Receive_ISR
 This function uses a non-reentrant model


 *************** function _EUSART1_DefaultFramingErrorHandler *****************
 Defined at:
		line 247 in file "mcc_generated_files/eusart1.c"
 Parameters:    Size  Location     Type
		None
 Auto vars:     Size  Location     Type
		None
 Return value:  Size  Location     Type
                  1    wreg      void 
 Registers used:
		None
 Tracked objects:
		On entry : 
		On exit  : 
		Unchanged: 
 Data sizes:     COMMON   BANK0   BANK1   BANK2   BANK3   BANK4   BANK5   BANK6   BANK7   BANK8   BANK9  BANK10  BANK11  BANK12  BANK13  BANK14  BANK15  BANK16  BANK17  BANK18  BANK19  BANK20  BANK21  BANK22  BANK23  BANK24  BANK25
      Params:         0       0       0       0       0       0       0       0       0       0       0       0       0       0       0       0       0       0       0       0       0       0       0       0       0       0       0
      Locals:         0       0       0       0       0       0       0       0       0       0       0       0       0       0       0       0       0       0       0       0       0       0       0       0       0       0       0
      Temps:          0       0       0       0       0       0       0       0       0       0       0       0       0       0       0       0       0       0       0       0       0       0       0       0       0       0       0
      Totals:         0       0       0       0       0       0       0       0       0       0       0       0       0       0       0       0       0       0       0       0       0       0       0       0       0       0       0
Total ram usage:        0 bytes
 Hardware stack levels used:    1
 This function calls:
		Nothing
 This function is called by:
		_EUSART1_Initialize
		_EUSART1_Receive_ISR
 This function uses a non-reentrant model


 *************** function _EUSART1_DefaultErrorHandler *****************
 Defined at:
		line 257 in file "mcc_generated_files/eusart1.c"
 Parameters:    Size  Location     Type
		None
 Auto vars:     Size  Location     Type
		None
 Return value:  Size  Location     Type
                  1    wreg      void 
 Registers used:
		wreg, fsr1l, fsr1h, status,2, status,0, pclath, cstack
 Tracked objects:
		On entry : 
		On exit  : 
		Unchanged: 
 Data sizes:     COMMON   BANK0   BANK1   BANK2   BANK3   BANK4   BANK5   BANK6   BANK7   BANK8   BANK9  BANK10  BANK11  BANK12  BANK13  BANK14  BANK15  BANK16  BANK17  BANK18  BANK19  BANK20  BANK21  BANK22  BANK23  BANK24  BANK25
      Params:         0       0       0       0       0       0       0       0       0       0       0       0       0       0       0       0       0       0       0       0       0       0       0       0       0       0       0
      Locals:         0       0       0       0       0       0       0       0       0       0       0       0       0       0       0       0       0       0       0       0       0       0       0       0       0       0       0
      Temps:          0       0       0       0       0       0       0       0       0       0       0       0       0       0       0       0       0       0       0       0       0       0       0       0       0       0       0
      Totals:         0       0       0       0       0       0       0       0       0       0       0       0       0       0       0       0       0       0       0       0       0       0       0       0       0       0       0
Total ram usage:        0 bytes
 Hardware stack levels used:    1
 Hardware stack levels required when called:    1
 This function calls:
		_EUSART1_RxDataHandler
 This function is called by:
		_EUSART1_Initialize
		_EUSART1_Receive_ISR
 This function uses a non-reentrant model


 *************** function _EUSART1_RxDataHandler *****************
 Defined at:
		line 237 in file "mcc_generated_files/eusart1.c"
 Parameters:    Size  Location     Type
		None
 Auto vars:     Size  Location     Type
		None
 Return value:  Size  Location     Type
                  1    wreg      void 
 Registers used:
		wreg, fsr1l, fsr1h, status,2, status,0
 Tracked objects:
		On entry : 
		On exit  : 
		Unchanged: 
 Data sizes:     COMMON   BANK0   BANK1   BANK2   BANK3   BANK4   BANK5   BANK6   BANK7   BANK8   BANK9  BANK10  BANK11  BANK12  BANK13  BANK14  BANK15  BANK16  BANK17  BANK18  BANK19  BANK20  BANK21  BANK22  BANK23  BANK24  BANK25
      Params:         0       0       0       0       0       0       0       0       0       0       0       0       0       0       0       0       0       0       0       0       0       0       0       0       0       0       0
      Locals:         0       0       0       0       0       0       0       0       0       0       0       0       0       0       0       0       0       0       0       0       0       0       0       0       0       0       0
      Temps:          1       0       0       0       0       0       0       0       0       0       0       0       0       0       0       0       0       0       0       0       0       0       0       0       0       0       0
      Totals:         1       0       0       0       0       0       0       0       0       0       0       0       0       0       0       0       0       0       0       0       0       0       0       0       0       0       0
Total ram usage:        1 bytes
 Hardware stack levels used:    1
 This function calls:
		Nothing
 This function is called by:
		_EUSART1_Receive_ISR
		_EUSART1_DefaultErrorHandler
 This function uses a non-reentrant model


 *************** function _ADCC_ThresholdISR *****************
 Defined at:
		line 308 in file "mcc_generated_files/adcc.c"
 Parameters:    Size  Location     Type
		None
 Auto vars:     Size  Location     Type
		None
 Return value:  Size  Location     Type
                  1    wreg      void 
 Registers used:
		wreg, status,2, status,0, pclath, cstack
 Tracked objects:
		On entry : 
		On exit  : 
		Unchanged: 
 Data sizes:     COMMON   BANK0   BANK1   BANK2   BANK3   BANK4   BANK5   BANK6   BANK7   BANK8   BANK9  BANK10  BANK11  BANK12  BANK13  BANK14  BANK15  BANK16  BANK17  BANK18  BANK19  BANK20  BANK21  BANK22  BANK23  BANK24  BANK25
      Params:         0       0       0       0       0       0       0       0       0       0       0       0       0       0       0       0       0       0       0       0       0       0       0       0       0       0       0
      Locals:         0       0       0       0       0       0       0       0       0       0       0       0       0       0       0       0       0       0       0       0       0       0       0       0       0       0       0
      Temps:          0       0       0       0       0       0       0       0       0       0       0       0       0       0       0       0       0       0       0       0       0       0       0       0       0       0       0
      Totals:         0       0       0       0       0       0       0       0       0       0       0       0       0       0       0       0       0       0       0       0       0       0       0       0       0       0       0
Total ram usage:        0 bytes
 Hardware stack levels used:    1
 Hardware stack levels required when called:    1
 This function calls:
		Absolute function
		_ADCC_DefaultInterruptHandler
		_adcThresholdHandler
 This function is called by:
		_INTERRUPT_InterruptManager
 This function uses a non-reentrant model


 *************** function _ADCC_DefaultInterruptHandler *****************
 Defined at:
		line 320 in file "mcc_generated_files/adcc.c"
 Parameters:    Size  Location     Type
		None
 Auto vars:     Size  Location     Type
		None
 Return value:  Size  Location     Type
                  1    wreg      void 
 Registers used:
		None
 Tracked objects:
		On entry : 
		On exit  : 
		Unchanged: 
 Data sizes:     COMMON   BANK0   BANK1   BANK2   BANK3   BANK4   BANK5   BANK6   BANK7   BANK8   BANK9  BANK10  BANK11  BANK12  BANK13  BANK14  BANK15  BANK16  BANK17  BANK18  BANK19  BANK20  BANK21  BANK22  BANK23  BANK24  BANK25
      Params:         0       0       0       0       0       0       0       0       0       0       0       0       0       0       0       0       0       0       0       0       0       0       0       0       0       0       0
      Locals:         0       0       0       0       0       0       0       0       0       0       0       0       0       0       0       0       0       0       0       0       0       0       0       0       0       0       0
      Temps:          0       0       0       0       0       0       0       0       0       0       0       0       0       0       0       0       0       0       0       0       0       0       0       0       0       0       0
      Totals:         0       0       0       0       0       0       0       0       0       0       0       0       0       0       0       0       0       0       0       0       0       0       0       0       0       0       0
Total ram usage:        0 bytes
 Hardware stack levels used:    1
 This function calls:
		Nothing
 This function is called by:
		_ADCC_Initialize
		_ADCC_ThresholdISR
 This function uses a non-reentrant model


 *************** function _adcThresholdHandler *****************
 Defined at:
		line 36 in file "beat.c"
 Parameters:    Size  Location     Type
		None
 Auto vars:     Size  Location     Type
		None
 Return value:  Size  Location     Type
                  1    wreg      void 
 Registers used:
		None
 Tracked objects:
		On entry : 
		On exit  : 
		Unchanged: 
 Data sizes:     COMMON   BANK0   BANK1   BANK2   BANK3   BANK4   BANK5   BANK6   BANK7   BANK8   BANK9  BANK10  BANK11  BANK12  BANK13  BANK14  BANK15  BANK16  BANK17  BANK18  BANK19  BANK20  BANK21  BANK22  BANK23  BANK24  BANK25
      Params:         0       0       0       0       0       0       0       0       0       0       0       0       0       0       0       0       0       0       0       0       0       0       0       0       0       0       0
      Locals:         0       0       0       0       0       0       0       0       0       0       0       0       0       0       0       0       0       0       0       0       0       0       0       0       0       0       0
      Temps:          0       0       0       0       0       0       0       0       0       0       0       0       0       0       0       0       0       0       0       0       0       0       0       0       0       0       0
      Totals:         0       0       0       0       0       0       0       0       0       0       0       0       0       0       0       0       0       0       0       0       0       0       0       0       0       0       0
Total ram usage:        0 bytes
 Hardware stack levels used:    1
 This function calls:
		Nothing
 This function is called by:
		_BEAT_init
		_ADCC_ThresholdISR
 This function uses a non-reentrant model



MODULE INFORMATION

Module		Function		Class		Link	Load	Size
lights.c
		_UART_init     		CODE           	08AE	0000	27
		_LED_init      		CODE           	07D7	0000	41
		_LED_setColor  		CODE           	05CF	0000	371

lights.c estimated size: 439

/Applications/microchip/xc8/v2.05/pic/sources/c99/common/xxtofl.c
		___xxtofl      		CODE           	0741	0000	151

/Applications/microchip/xc8/v2.05/pic/sources/c99/common/xxtofl.c estimated size: 151

clock.c
		_CLOCK_getTime 		CODE           	1735	0000	10
		_CLOCK_init    		CODE           	1709	0000	9
		_CLOCK_timerCallback		CODE           	16FD	0000	7

clock.c estimated size: 26

mcc_generated_files/interrupt_manager.c
		_INTERRUPT_InterruptManager		CODE           	0004	0000	54

mcc_generated_files/interrupt_manager.c estimated size: 54

mcc_generated_files/tmr0.c
		_TMR0_SetInterruptHandler		CODE           	173E	0000	10
		_TMR0_DefaultInterruptHandler		CODE           	07FF	0000	2
		_TMR0_ISR      		CODE           	17AB	0000	14
		_TMR0_Initialize		CODE           	17EC	0000	21

mcc_generated_files/tmr0.c estimated size: 47

mcc_generated_files/i2c1.c
		_I2C1_BusCollisionISR		CODE           	16EA	0000	4
		_I2C1_FunctionComplete		CODE           	17C7	0000	18
		_I2C1_MasterWriteTRBBuild		CODE           	0940	0000	33
		_I2C1_ISR      		CODE           	0EAC	0000	341
		_I2C1_MasterWrite		CODE           	09C7	0000	43
		_I2C1_Initialize		CODE           	08C8	0000	29
		_I2C1_Stop     		CODE           	084D	0000	25
		_I2C1_WaitForLastPacketToComplete		CODE           	16F8	0000	6
		_I2C1_MasterTRBInsert		CODE           	0B42	0000	83

mcc_generated_files/i2c1.c estimated size: 582

/Applications/microchip/xc8/v2.05/pic/sources/c99/common/lwdiv.c
		___lwdiv       		CODE           	0A7D	0000	54

/Applications/microchip/xc8/v2.05/pic/sources/c99/common/lwdiv.c estimated size: 54

mcc_generated_files/pin_manager.c
		_PIN_MANAGER_Initialize		CODE           	0A1E	0000	48

mcc_generated_files/pin_manager.c estimated size: 48

/Applications/microchip/xc8/v2.05/pic/sources/c99/common/fltol.c
		___fltol       		CODE           	0BF9	0000	103

/Applications/microchip/xc8/v2.05/pic/sources/c99/common/fltol.c estimated size: 103

buttons.c
		_BUTTONS_task  		CODE           	0DB0	0000	253
		_BUTTONS_init  		CODE           	0AF7	0000	76
		_init          		CODE           	0920	0000	33
		_BUTTONS_isClicked		CODE           	17D8	0000	21
		_BUTTONS_isHeld		CODE           	17B8	0000	16

buttons.c estimated size: 399

/Applications/microchip/xc8/v2.05/pic/sources/c99/common/sprcmul.c
		___flmul       		CODE           	0076	0000	557

/Applications/microchip/xc8/v2.05/pic/sources/c99/common/sprcmul.c estimated size: 557

/Applications/microchip/xc8/v2.05/pic/sources/c99/common/sprcdiv.c
		___fldiv       		CODE           	0455	0000	379

/Applications/microchip/xc8/v2.05/pic/sources/c99/common/sprcdiv.c estimated size: 379

/Applications/microchip/xc8/v2.05/pic/sources/c99/common/Umul8_16.c
		__Umul8_16     		CODE           	0960	0000	33

/Applications/microchip/xc8/v2.05/pic/sources/c99/common/Umul8_16.c estimated size: 33

shared
		__initialization		CODE           	003B	0000	56
		TM1650_setDigit@charTable		STRCODE        	1000	0000	97

shared estimated size: 153

mcc_generated_files/eusart1.c
		_EUSART1_SetRxInterruptHandler		CODE           	1762	0000	10
		_EUSART1_SetTxInterruptHandler		CODE           	176B	0000	10
		_EUSART1_Initialize		CODE           	0AB2	0000	70
		_EUSART1_DefaultErrorHandler		CODE           	16E7	0000	4
		_EUSART1_SetFramingErrorHandler		CODE           	1750	0000	10
		_EUSART1_SetOverrunErrorHandler		CODE           	1759	0000	10
		_EUSART1_SetErrorHandler		CODE           	1747	0000	10
		_EUSART1_Receive_ISR		CODE           	0A4D	0000	49
		_EUSART1_RxDataHandler		CODE           	0835	0000	25
		_EUSART1_DefaultOverrunErrorHandler		CODE           	16F4	0000	5
		_EUSART1_Transmit_ISR		CODE           	08E4	0000	31
		_EUSART1_DefaultFramingErrorHandler		CODE           	0003	0000	2

mcc_generated_files/eusart1.c estimated size: 236

mcc_generated_files/mcc.c
		_PMD_Initialize		CODE           	177D	0000	11
		_OSCILLATOR_Initialize		CODE           	1774	0000	10
		_SYSTEM_Initialize		CODE           	0809	0000	22

mcc_generated_files/mcc.c estimated size: 43

controller.c
		_CONTROLLER_task		CODE           	0B94	0000	102
		_CONTROLLER_init		CODE           	1787	0000	12
		_address_dec   		CODE           	087D	0000	25
		_address_inc   		CODE           	0895	0000	26

controller.c estimated size: 165

tm1650.c
		_TM1650_init   		CODE           	0800	0000	10
		_TM1650_isEnabled		CODE           	16ED	0000	4
		_TM1650_enable 		CODE           	0865	0000	25
		_TM1650_fastPrintNum		CODE           	02A2	0000	436
		_writeData     		CODE           	0980	0000	34
		_TM1650_setDigit		CODE           	0902	0000	31

tm1650.c estimated size: 540

mcc_generated_files/adcc.c
		_ADCC_DefaultInterruptHandler		CODE           	0002	0000	2
		_ADCC_SetADTIInterruptHandler		CODE           	171A	0000	10
		_ADCC_ThresholdISR		CODE           	179E	0000	14
		_ADCC_StartConversion		CODE           	172C	0000	10
		_ADCC_Initialize		CODE           	09A1	0000	39
		_ADCC_SetUpperThreshold		CODE           	1723	0000	10

mcc_generated_files/adcc.c estimated size: 85

main.c
		_main          		CODE           	0C5F	0000	129

main.c estimated size: 129

/Applications/microchip/xc8/v2.05/pic/sources/c99/common/lwmod.c
		___lwmod       		CODE           	09F1	0000	46

/Applications/microchip/xc8/v2.05/pic/sources/c99/common/lwmod.c estimated size: 46

beat.c
		_BEAT_task     		CODE           	0CDF	0000	210
		_BEAT_init     		CODE           	081E	0000	24
		_BEAT_detected 		CODE           	1711	0000	10
		_adcThresholdHandler		CODE           	16F0	0000	5

beat.c estimated size: 249

